# Bake Begins!
### (1 of 6) Copy sources
$ cp -a /home/travis/build/fontdirectory/seymourone/METADATA.json /home/travis/build/fontdirectory/seymourone/builds/build
$ cp -a /home/travis/build/fontdirectory/seymourone/DESCRIPTION.en_us.html /home/travis/build/fontdirectory/seymourone/builds/build
$ cp -a /home/travis/build/fontdirectory/seymourone/FONTLOG.txt /home/travis/build/fontdirectory/seymourone/builds/build
$ cp -a src/SeymourOne-Regular.ufo SeymourOne-Regular.ttf.ttx src/SeymourOne-Regular.otf.ttx src/SeymourOne-Regular-unhinted.ttf.ttx src/SeymourOne-Regular-TTF.sfd src/SeymourOne-Regular.sfd src/SeymourOne-Regular.otf.GlyphOrder.ttx src/SeymourOne-Regular.otf._h_m_t_x.ttx src/SeymourOne-Regular.otf.O_S_2f_2.ttx src/SeymourOne-Regular.otf._n_a_m_e.ttx src/SeymourOne-Regular.otf.ttx src/SeymourOne-Regular.otf._m_a_x_p.ttx src/SeymourOne-Regular.otf._p_o_s_t.ttx src/SeymourOne-Regular.otf.F_F_T_M_.ttx src/SeymourOne-Regular.otf.G_D_E_F_.ttx src/SeymourOne-Regular.otf._h_e_a_d.ttx src/SeymourOne-Regular.otf.C_F_F_.ttx src/SeymourOne-Regular.otf._h_h_e_a.ttx src/SeymourOne-Regular.otf.G_P_O_S_.ttx src/SeymourOne-Regular.otf._c_m_a_p.ttx src/SeymourOne-Regular.otf.G_S_U_B_.ttx SeymourOne-Regular.ttf._c_m_a_p.ttx SeymourOne-Regular.ttf._g_a_s_p.ttx SeymourOne-Regular.ttf._m_a_x_p.ttx SeymourOne-Regular.ttf.F_F_T_M_.ttx SeymourOne-Regular.ttf.GlyphOrder.ttx SeymourOne-Regular.ttf._h_m_t_x.ttx SeymourOne-Regular.ttf._h_e_a_d.ttx SeymourOne-Regular.ttf._f_p_g_m.ttx SeymourOne-Regular.ttf.G_P_O_S_.ttx SeymourOne-Regular.ttf.G_D_E_F_.ttx SeymourOne-Regular.ttf._n_a_m_e.ttx SeymourOne-Regular.ttf.O_S_2f_2.ttx SeymourOne-Regular.ttf._c_v_t.ttx SeymourOne-Regular.ttf._l_o_c_a.ttx SeymourOne-Regular.ttf._g_l_y_f.ttx SeymourOne-Regular.ttf._p_o_s_t.ttx SeymourOne-Regular.ttf.G_S_U_B_.ttx SeymourOne-Regular.ttf._h_h_e_a.ttx SeymourOne-Regular.ttf._p_r_e_p.ttx src/SeymourOne-Regular.otf.GlyphOrder.ttx src/SeymourOne-Regular.otf._h_m_t_x.ttx src/SeymourOne-Regular.otf.O_S_2f_2.ttx src/SeymourOne-Regular.otf._n_a_m_e.ttx src/SeymourOne-Regular.otf._m_a_x_p.ttx src/SeymourOne-Regular.otf._p_o_s_t.ttx src/SeymourOne-Regular.otf.F_F_T_M_.ttx src/SeymourOne-Regular.otf.G_D_E_F_.ttx src/SeymourOne-Regular.otf._h_e_a_d.ttx src/SeymourOne-Regular.otf.C_F_F_.ttx src/SeymourOne-Regular.otf._h_h_e_a.ttx src/SeymourOne-Regular.otf.G_P_O_S_.ttx src/SeymourOne-Regular.otf._c_m_a_p.ttx src/SeymourOne-Regular.otf.G_S_U_B_.ttx src/SeymourOne-Regular-unhinted.ttf._n_a_m_e.ttx src/SeymourOne-Regular-unhinted.ttf._c_m_a_p.ttx src/SeymourOne-Regular-unhinted.ttf._l_o_c_a.ttx src/SeymourOne-Regular-unhinted.ttf.G_S_U_B_.ttx src/SeymourOne-Regular-unhinted.ttf._h_h_e_a.ttx src/SeymourOne-Regular-unhinted.ttf.G_P_O_S_.ttx src/SeymourOne-Regular-unhinted.ttf.GlyphOrder.ttx src/SeymourOne-Regular-unhinted.ttf._p_o_s_t.ttx src/SeymourOne-Regular-unhinted.ttf._h_m_t_x.ttx src/SeymourOne-Regular-unhinted.ttf.O_S_2f_2.ttx src/SeymourOne-Regular-unhinted.ttf._g_a_s_p.ttx src/SeymourOne-Regular-unhinted.ttf._h_e_a_d.ttx src/SeymourOne-Regular-unhinted.ttf._c_v_t.ttx src/SeymourOne-Regular-unhinted.ttf._g_l_y_f.ttx src/SeymourOne-Regular-unhinted.ttf._m_a_x_p.ttx src/SeymourOne-Regular-unhinted.ttf.G_D_E_F_.ttx src/SeymourOne-Regular-unhinted.ttf.F_F_T_M_.ttx src/SeymourOne-Regular.otf.GlyphOrder.ttx src/SeymourOne-Regular.otf._h_m_t_x.ttx src/SeymourOne-Regular.otf.O_S_2f_2.ttx src/SeymourOne-Regular.otf._n_a_m_e.ttx src/SeymourOne-Regular.otf.ttx src/SeymourOne-Regular.otf._m_a_x_p.ttx src/SeymourOne-Regular.otf._p_o_s_t.ttx src/SeymourOne-Regular.otf.F_F_T_M_.ttx src/SeymourOne-Regular.otf.G_D_E_F_.ttx src/SeymourOne-Regular.otf._h_e_a_d.ttx src/SeymourOne-Regular.otf.C_F_F_.ttx src/SeymourOne-Regular.otf._h_h_e_a.ttx src/SeymourOne-Regular.otf.G_P_O_S_.ttx src/SeymourOne-Regular.otf._c_m_a_p.ttx src/SeymourOne-Regular.otf.G_S_U_B_.ttx /home/travis/build/fontdirectory/seymourone/builds/build/sources
### (2 of 6) pyfontaine
### (3 of 6) Run upstream tests
$ fontbakery-check.py upstream-repo sources
bakery_lint.tests.upstream.test_check_upstream_sources.ProjectUpstreamTestCase.test_bakery_yaml_exists(): OK
bakery_lint.tests.upstream.test_check_upstream_sources.ProjectUpstreamTestCase.test_copyright_notices_same_across_family(): OK
bakery_lint.tests.upstream.test_check_upstream_sources.ProjectUpstreamTestCase.test_description_html_exists(): OK
bakery_lint.tests.upstream.test_check_upstream_sources.ProjectUpstreamTestCase.test_fontlog_txt_exists(): OK
bakery_lint.tests.upstream.test_check_upstream_sources.ProjectUpstreamTestCase.test_metadata_json_exists(): OK
$ fontaine --collections subsets --text /home/travis/build/fontdirectory/seymourone/builds/build/sources/SeymourOne-Regular.ufo /home/travis/build/fontdirectory/seymourone/builds/build/sources/SeymourOne-Regular.otf.ttx /home/travis/build/fontdirectory/seymourone/builds/build/sources/SeymourOne-Regular-unhinted.ttf.ttx /home/travis/build/fontdirectory/seymourone/builds/build/sources/SeymourOne-Regular.ttf.ttx /home/travis/build/fontdirectory/seymourone/builds/build/sources/SeymourOne-Regular-TTF.sfd /home/travis/build/fontdirectory/seymourone/builds/build/sources/SeymourOne-Regular.sfd > fontaine.txt
WARNING: Please install [PyICU](https://pypi.python.org/pypi/PyICU) toenable [feature], perhaps with: pip install pyicu
bakery_lint.tests.upstream.test_prepolation.FontTestPrepolation.test_font_prepolation_glyph_contours(): FAIL
bakery_lint.tests.upstream.test_prepolation.FontTestPrepolation.test_font_prepolation_glyph_points(): FAIL
pyfontaine error: Not a TrueType or OpenType font (bad sfntVersion)
pyfontaine process has been failed
bakery_lint.tests.upstream.test_prepolation.FontTestPrepolation.test_font_test_prepolation_glyph_names(): OK
bakery_lint.tests.upstream.test_diacritic.TestDiacritic.test_diacritic_made_as_component(): FAIL
bakery_lint.tests.upstream.test_diacritic.TestDiacritic.test_diacritic_made_as_mark_to_mark(): OK
bakery_lint.tests.upstream.test_diacritic.TestDiacritic.test_diacritic_made_as_own_glyphs(): FAIL
$ fontbakery-check.py upstream SeymourOne-Regular.ufo
bakery_lint.tests.upstream.test_unicode_value_should_appear_only_once_per_font.UnicodeValueShouldAppearOnlyOnce.testUnicodeValue(): FAIL
bakery_lint.tests.upstream.test_contour_count.TestContourCount.test_contour_count(): ERROR
bakery_lint.tests.upstream.test_check_ufo_fontfamily_recommendations.TestUFOFontFamilyNamingTest.test_familyname_less_than_32_chars(): OK
bakery_lint.tests.upstream.test_check_ufo_fontfamily_recommendations.TestUFOFontFamilyNamingTest.test_fullfontname_less_than_64_chars(): OK
bakery_lint.tests.upstream.test_check_ufo_fontfamily_recommendations.TestUFOFontFamilyNamingTest.test_postscriptname_consistof_allowed_chars(): OK
bakery_lint.tests.upstream.test_check_ufo_fontfamily_recommendations.TestUFOFontFamilyNamingTest.test_postscriptname_less_than_30_chars(): OK
bakery_lint.tests.upstream.test_check_ufo_fontfamily_recommendations.TestUFOFontFamilyNamingTest.test_stylename_less_than_32_chars(): OK
bakery_lint.tests.upstream.test_check_ufo_fontfamily_recommendations.TestUFOFontFamilyNamingTest.test_weight_value_range_between_250_and_900(): OK
bakery_lint.tests.upstream.test_font_filename_eq_familystyle.TestTTFSourceFontFileNameEqualsFamilyStyle.test_source_ttf_font_filename_equals_familystyle(): ERROR
bakery_lint.tests.upstream.test_check_ufo_requirements.UfoOpenTest.test_has_rupee(): ERROR
bakery_lint.tests.upstream.test_check_ufo_requirements.UfoOpenTest.test_is_A(): OK
bakery_lint.tests.upstream.test_check_ufo_requirements.UfoOpenTest.test_is_A_a_glyph_instance(): OK
bakery_lint.tests.upstream.test_check_ufo_requirements.UfoOpenTest.test_is_ended_ufo(): OK
bakery_lint.tests.upstream.test_check_ufo_requirements.UfoOpenTest.test_is_folder(): OK
bakery_lint.tests.upstream.test_check_ufo_requirements.UfoOpenTest.test_is_fsType_eq_1(): FAIL
bakery_lint.tests.upstream.test_check_ufo_requirements.UfoOpenTest.test_it_exists(): OK
$ fontbakery-check.py upstream-ttx SeymourOne-Regular.otf.ttx
bakery_lint.tests.upstream.test_check_ttx_requirements.SourceTTXTest.test_epar_in_keys(): FAIL
bakery_lint.tests.upstream.test_check_ttx_requirements.SourceTTXTest.test_os2_in_keys(): OK
bakery_lint.tests.upstream.test_check_ttx_requirements.SourceTTXTest.test_ttx_doesnt_contain_duplicate_glyphs(): OK
bakery_lint.tests.upstream.test_font_filename_eq_familystyle.TestTTFSourceFontFileNameEqualsFamilyStyle.test_source_ttf_font_filename_equals_familystyle(): FAIL
$ mv /home/travis/build/fontdirectory/seymourone/builds/build/sources/SeymourOne-Regular.otf.ttx /home/travis/build/fontdirectory/seymourone/builds/build/sources/SeymourOne-Book.ttx
bakery_lint.tests.upstream.test_font_filename_eq_familystyle.TestTTFSourceFontFileNameEqualsFamilyStyle.test_source_ttf_font_filename_equals_familystyle(): OK
bakery_lint.tests.upstream.test_glyphname_does_not_contain_disallowed_chars.TestGlyphNameDoesNotContainsDisallowedChars.test_glyphname_does_not_contain_disallowed_chars(): OK
bakery_lint.tests.upstream.test_check_ttx_fontfamily_recommendations.TTX_FontFamilyNamingTest.test_ttx_family_naming_recommendation(): OK
$ fontbakery-check.py upstream-ttx SeymourOne-Regular-unhinted.ttf.ttx
bakery_lint.tests.upstream.test_check_ttx_requirements.SourceTTXTest.test_epar_in_keys(): FAIL
bakery_lint.tests.upstream.test_check_ttx_requirements.SourceTTXTest.test_os2_in_keys(): OK
bakery_lint.tests.upstream.test_check_ttx_requirements.SourceTTXTest.test_ttx_doesnt_contain_duplicate_glyphs(): OK
bakery_lint.tests.upstream.test_font_filename_eq_familystyle.TestTTFSourceFontFileNameEqualsFamilyStyle.test_source_ttf_font_filename_equals_familystyle(): FAIL
$ mv /home/travis/build/fontdirectory/seymourone/builds/build/sources/SeymourOne-Regular-unhinted.ttf.ttx /home/travis/build/fontdirectory/seymourone/builds/build/sources/SeymourOne-Book.ttx
bakery_lint.tests.upstream.test_font_filename_eq_familystyle.TestTTFSourceFontFileNameEqualsFamilyStyle.test_source_ttf_font_filename_equals_familystyle(): OK
bakery_lint.tests.upstream.test_glyphname_does_not_contain_disallowed_chars.TestGlyphNameDoesNotContainsDisallowedChars.test_glyphname_does_not_contain_disallowed_chars(): OK
bakery_lint.tests.upstream.test_check_ttx_fontfamily_recommendations.TTX_FontFamilyNamingTest.test_ttx_family_naming_recommendation(): OK
$ fontbakery-check.py upstream-ttx SeymourOne-Regular.ttf.ttx
bakery_lint.tests.upstream.test_check_ttx_requirements.SourceTTXTest.test_epar_in_keys(): FAIL
bakery_lint.tests.upstream.test_check_ttx_requirements.SourceTTXTest.test_os2_in_keys(): OK
bakery_lint.tests.upstream.test_check_ttx_requirements.SourceTTXTest.test_ttx_doesnt_contain_duplicate_glyphs(): OK
bakery_lint.tests.upstream.test_font_filename_eq_familystyle.TestTTFSourceFontFileNameEqualsFamilyStyle.test_source_ttf_font_filename_equals_familystyle(): FAIL
$ mv /home/travis/build/fontdirectory/seymourone/builds/build/sources/SeymourOne-Regular.ttf.ttx /home/travis/build/fontdirectory/seymourone/builds/build/sources/SeymourOne-Book.ttx
bakery_lint.tests.upstream.test_font_filename_eq_familystyle.TestTTFSourceFontFileNameEqualsFamilyStyle.test_source_ttf_font_filename_equals_familystyle(): OK
bakery_lint.tests.upstream.test_glyphname_does_not_contain_disallowed_chars.TestGlyphNameDoesNotContainsDisallowedChars.test_glyphname_does_not_contain_disallowed_chars(): OK
bakery_lint.tests.upstream.test_check_ttx_fontfamily_recommendations.TTX_FontFamilyNamingTest.test_ttx_family_naming_recommendation(): OK
$ fontbakery-check.py upstream SeymourOne-Regular-TTF.sfd
bakery_lint.tests.upstream.test_unicode_value_should_appear_only_once_per_font.UnicodeValueShouldAppearOnlyOnce.testUnicodeValue(): ERROR
bakery_lint.tests.upstream.test_contour_count.TestContourCount.test_contour_count(): ERROR
bakery_lint.tests.upstream.test_check_ufo_fontfamily_recommendations.TestUFOFontFamilyNamingTest.test_familyname_less_than_32_chars(): OK
bakery_lint.tests.upstream.test_check_ufo_fontfamily_recommendations.TestUFOFontFamilyNamingTest.test_fullfontname_less_than_64_chars(): OK
bakery_lint.tests.upstream.test_check_ufo_fontfamily_recommendations.TestUFOFontFamilyNamingTest.test_postscriptname_consistof_allowed_chars(): OK
bakery_lint.tests.upstream.test_check_ufo_fontfamily_recommendations.TestUFOFontFamilyNamingTest.test_postscriptname_less_than_30_chars(): OK
bakery_lint.tests.upstream.test_check_ufo_fontfamily_recommendations.TestUFOFontFamilyNamingTest.test_stylename_less_than_32_chars(): OK
bakery_lint.tests.upstream.test_check_ufo_fontfamily_recommendations.TestUFOFontFamilyNamingTest.test_weight_value_range_between_250_and_900(): OK
bakery_lint.tests.upstream.test_font_filename_eq_familystyle.TestTTFSourceFontFileNameEqualsFamilyStyle.test_source_ttf_font_filename_equals_familystyle(): ERROR
bakery_lint.tests.upstream.test_check_ufo_requirements.UfoOpenTest.test_has_rupee(): ERROR
bakery_lint.tests.upstream.test_check_ufo_requirements.UfoOpenTest.test_is_A(): ERROR
bakery_lint.tests.upstream.test_check_ufo_requirements.UfoOpenTest.test_is_A_a_glyph_instance(): ERROR
bakery_lint.tests.upstream.test_check_ufo_requirements.UfoOpenTest.test_is_ended_ufo(): ERROR
bakery_lint.tests.upstream.test_check_ufo_requirements.UfoOpenTest.test_is_folder(): ERROR
bakery_lint.tests.upstream.test_check_ufo_requirements.UfoOpenTest.test_is_fsType_eq_1(): ERROR
bakery_lint.tests.upstream.test_check_ufo_requirements.UfoOpenTest.test_it_exists(): ERROR
$ fontbakery-check.py upstream SeymourOne-Regular.sfd
bakery_lint.tests.upstream.test_unicode_value_should_appear_only_once_per_font.UnicodeValueShouldAppearOnlyOnce.testUnicodeValue(): ERROR
bakery_lint.tests.upstream.test_contour_count.TestContourCount.test_contour_count(): ERROR
bakery_lint.tests.upstream.test_check_ufo_fontfamily_recommendations.TestUFOFontFamilyNamingTest.test_familyname_less_than_32_chars(): OK
bakery_lint.tests.upstream.test_check_ufo_fontfamily_recommendations.TestUFOFontFamilyNamingTest.test_fullfontname_less_than_64_chars(): OK
bakery_lint.tests.upstream.test_check_ufo_fontfamily_recommendations.TestUFOFontFamilyNamingTest.test_postscriptname_consistof_allowed_chars(): OK
bakery_lint.tests.upstream.test_check_ufo_fontfamily_recommendations.TestUFOFontFamilyNamingTest.test_postscriptname_less_than_30_chars(): OK
bakery_lint.tests.upstream.test_check_ufo_fontfamily_recommendations.TestUFOFontFamilyNamingTest.test_stylename_less_than_32_chars(): OK
bakery_lint.tests.upstream.test_check_ufo_fontfamily_recommendations.TestUFOFontFamilyNamingTest.test_weight_value_range_between_250_and_900(): OK
bakery_lint.tests.upstream.test_font_filename_eq_familystyle.TestTTFSourceFontFileNameEqualsFamilyStyle.test_source_ttf_font_filename_equals_familystyle(): ERROR
bakery_lint.tests.upstream.test_check_ufo_requirements.UfoOpenTest.test_has_rupee(): ERROR
bakery_lint.tests.upstream.test_check_ufo_requirements.UfoOpenTest.test_is_A(): ERROR
bakery_lint.tests.upstream.test_check_ufo_requirements.UfoOpenTest.test_is_A_a_glyph_instance(): ERROR
bakery_lint.tests.upstream.test_check_ufo_requirements.UfoOpenTest.test_is_ended_ufo(): ERROR
bakery_lint.tests.upstream.test_check_ufo_requirements.UfoOpenTest.test_is_folder(): ERROR
bakery_lint.tests.upstream.test_check_ufo_requirements.UfoOpenTest.test_is_fsType_eq_1(): ERROR
bakery_lint.tests.upstream.test_check_ufo_requirements.UfoOpenTest.test_it_exists(): ERROR
### (4 of 6) Convert sources to TTF
$ ttx -d /home/travis/build/fontdirectory/seymourone/builds/build /home/travis/build/fontdirectory/seymourone/builds/build/sources/SeymourOne-Book.ttx
strippedname:/home/travis/build/fontdirectory/seymourone/builds/build/sources/SeymourOne-Regular-TTF.sfd
strippedname:/home/travis/build/fontdirectory/seymourone/builds/build/sources/SeymourOne-Regular.sfd
strippedname:/home/travis/build/fontdirectory/seymourone/builds/build/sources/SeymourOne-Regular.ufo
Compiling "/home/travis/build/fontdirectory/seymourone/builds/build/sources/SeymourOne-Book.ttx" to "/home/travis/build/fontdirectory/seymourone/builds/build/SeymourOne-Book.ttf"...
Parsing 'GlyphOrder' table...
Parsing 'head' table...
Parsing 'hhea' table...
Parsing 'maxp' table...
Parsing 'OS/2' table...
Parsing 'hmtx' table...
Parsing 'cmap' table...
Parsing 'fpgm' table...
Parsing 'prep' table...
Parsing 'cvt ' table...
Parsing 'loca' table...
Parsing 'glyf' table...
Parsing 'name' table...
Parsing 'post' table...
Parsing 'gasp' table...
Parsing 'FFTM' table...
Parsing 'GDEF' table...
Parsing 'GPOS' table...
Parsing 'GSUB' table...
### Test SeymourOne-Book.ttf
$ fontbakery-check.py result SeymourOne-Book.ttf
bakery_lint.tests.downstream.test_check_font_agreements.CheckFsTypeIsNotSet.test_is_fstype_not_set(): OK
$ fontbakery-fix-fstype.py --autofix /home/travis/build/fontdirectory/seymourone/builds/build/SeymourOne-Book.ttf
$ mv /home/travis/build/fontdirectory/seymourone/builds/build/SeymourOne-Book.ttf.fix /home/travis/build/fontdirectory/seymourone/builds/build/SeymourOne-Book.ttf
bakery_lint.tests.downstream.test_check_font_agreements.CheckFontAgreements.test_em_is_1000(): FAIL
bakery_lint.tests.downstream.test_check_font_agreements.CheckFontAgreements.test_font_is_font(): OK
bakery_lint.tests.downstream.test_check_font_agreements.CheckFontAgreements.test_latin_file_exists(): FAIL
bakery_lint.tests.downstream.test_check_font_agreements.CheckFontAgreements.test_menu_file_exists(): FAIL
bakery_lint.tests.downstream.test_check_vertical_metrics.CheckVerticalLinegapMetrics.test_metrics_linegaps_are_zero(): OK
bakery_lint.tests.downstream.test_check_vertical_metrics.CheckVerticalAscentMetrics.test_metrics_ascents_equal_bbox(): FAIL
$ fontbakery-fix-vertical-metrics.py --autofix /home/travis/build/fontdirectory/seymourone/builds/build/SeymourOne-Book.ttf
$ mv /home/travis/build/fontdirectory/seymourone/builds/build/SeymourOne-Book.ttf.fix /home/travis/build/fontdirectory/seymourone/builds/build/SeymourOne-Book.ttf
$ fontbakery-fix-vertical-metrics.py /home/travis/build/fontdirectory/seymourone/builds/build/SeymourOne-Book.ttf
Parameter              SeymourOne-Book.ttf    
ymax                   2236                   
hhea.ascent            2236                   
OS/2.sTypoAscender     2236                   
OS/2.usWinAscent       2236                   
ymin                   -927                   
hhea.descent           -927                   
OS/2.sTypoDescender    -927                   
OS/2.usWinDescent      927                    
hhea.lineGap           0                      
OS/2.sTypoLineGap      0                      
hhea total             3163                   
typo total             3163                   
win total              3163                   
UPM:Heights            2048:3163              
UPM:Heights %          154 %                  


bakery_lint.tests.downstream.test_check_vertical_metrics.CheckVerticalAscentMetrics.test_metrics_ascents_equal_bbox(): OK
bakery_lint.tests.downstream.test_check_vertical_metrics.CheckVerticalDescentMetrics.test_metrics_descents_equal_bbox(): OK
bakery_lint.tests.downstream.test_check_unencoded_glyph.TestFontUnencodedGlyph.test_font_unencoded_glyphs(): FAIL
$ fontbakery-fix-glyph-private-encoding.py --autofix /home/travis/build/fontdirectory/seymourone/builds/build/SeymourOne-Book.ttf
$ mv /home/travis/build/fontdirectory/seymourone/builds/build/SeymourOne-Book.ttf.fix /home/travis/build/fontdirectory/seymourone/builds/build/SeymourOne-Book.ttf
bakery_lint.tests.downstream.test_check_unencoded_glyph.TestFontUnencodedGlyph.test_font_unencoded_glyphs(): FAIL
bakery_lint.tests.downstream.test_check_full_font_name_begins_with_family_name.CheckFullFontNameBeginsWithFamilyName.test_check_full_font_name_begins_with_family_name(): OK
bakery_lint.tests.downstream.test_names_are_ascii_only.CheckNamesAreASCIIOnly.test_check_names_are_ascii_only(): OK
bakery_lint.tests.downstream.test_check_glyf_table_length.CheckGlyfTableLength.test_check_glyf_table_length(): FAIL
bakery_lint.tests.downstream.test_check_font_tables.CheckFontHasDsigTable.test_check_font_has_dsig_table(): FAIL
$ fontbakery-fix-dsig.py /home/travis/build/fontdirectory/seymourone/builds/build/SeymourOne-Book.ttf
$ mv /home/travis/build/fontdirectory/seymourone/builds/build/SeymourOne-Book.ttf.fix /home/travis/build/fontdirectory/seymourone/builds/build/SeymourOne-Book.ttf
bakery_lint.tests.downstream.test_check_font_tables.CheckFontHasDsigTable.test_check_font_has_dsig_table(): OK
bakery_lint.tests.downstream.test_check_font_tables.CheckFontHasNotKernTable.test_no_kern_table_exists(): OK
bakery_lint.tests.downstream.test_check_italic_angle_agreement.CheckItalicAngleAgreement.test_check_italic_angle_agreement(): OK
bakery_lint.tests.downstream.test_check_nbsp_width_matches_sp_width.CheckNbspWidthMatchesSpWidth.test_check_nbsp_width_matches_sp_width(): OK
bakery_lint.tests.downstream.test_check_no_problematic_formats.CheckNoProblematicFormats.test_check_no_problematic_formats(): OK
bakery_lint.tests.downstream.test_check_name_table_recommendation.CheckStyleNameRecommendation.test_check_stylename_is_under_recommendations(): FAIL
$ fontbakery-fix-opentype-names.py /home/travis/build/fontdirectory/seymourone/builds/build/SeymourOne-Book.ttf
$ mv /home/travis/build/fontdirectory/seymourone/builds/build/SeymourOne-Book.ttf.fix /home/travis/build/fontdirectory/seymourone/builds/build/SeymourOne-Book.ttf
bakery_lint.tests.downstream.test_check_name_table_recommendation.CheckStyleNameRecommendation.test_check_stylename_is_under_recommendations(): FAIL
bakery_lint.tests.downstream.test_check_name_table_recommendation.CheckOTFamilyNameRecommendation.test_check_opentype_familyname(): OK
bakery_lint.tests.downstream.test_check_name_table_recommendation.CheckOTStyleNameRecommendation.test_check_opentype_stylename(): FAIL
$ fontbakery-fix-opentype-names.py /home/travis/build/fontdirectory/seymourone/builds/build/SeymourOne-Book.ttf
$ mv /home/travis/build/fontdirectory/seymourone/builds/build/SeymourOne-Book.ttf.fix /home/travis/build/fontdirectory/seymourone/builds/build/SeymourOne-Book.ttf
bakery_lint.tests.downstream.test_check_name_table_recommendation.CheckOTStyleNameRecommendation.test_check_opentype_stylename(): FAIL
bakery_lint.tests.downstream.test_check_name_table_recommendation.CheckOTFullNameRecommendation.test_check_opentype_fullname(): OK
The following table(s) in the font have been ignored by FontForge
  Ignoring 'DSIG' digital signature table
bakery_lint.tests.downstream.test_fontforge_validation_state.FontForgeValidateStateTest.test_allowed_numbers_paths_in_composite_glyphs(): OK
bakery_lint.tests.downstream.test_fontforge_validation_state.FontForgeValidateStateTest.test_allowed_numbers_paths_in_glyphs(): OK
bakery_lint.tests.downstream.test_fontforge_validation_state.FontForgeValidateStateTest.test_allowed_numbers_points_in_composite_glyphs(): OK
bakery_lint.tests.downstream.test_fontforge_validation_state.FontForgeValidateStateTest.test_allowed_numbers_points_in_glyphs(): OK
bakery_lint.tests.downstream.test_fontforge_validation_state.FontForgeValidateStateTest.test_duplicate_glyphs(): OK
bakery_lint.tests.downstream.test_fontforge_validation_state.FontForgeValidateStateTest.test_duplicate_unicode_codepoints(): OK
bakery_lint.tests.downstream.test_fontforge_validation_state.FontForgeValidateStateTest.test_flipped_reference_in_glyphs(): OK
bakery_lint.tests.downstream.test_fontforge_validation_state.FontForgeValidateStateTest.test_missing_anchors(): OK
bakery_lint.tests.downstream.test_fontforge_validation_state.FontForgeValidateStateTest.test_missing_extrema_in_glyphs(): FAIL
bakery_lint.tests.downstream.test_fontforge_validation_state.FontForgeValidateStateTest.test_overlapped_hints(): OK
bakery_lint.tests.downstream.test_fontforge_validation_state.FontForgeValidateStateTest.test_points_are_integer_aligned(): OK
bakery_lint.tests.downstream.test_fontforge_validation_state.FontForgeValidateStateTest.test_points_are_not_too_far_apart(): OK
bakery_lint.tests.downstream.test_fontforge_validation_state.FontForgeValidateStateTest.test_postscript_hasnt_limit_hints_in_glyphs(): OK
bakery_lint.tests.downstream.test_fontforge_validation_state.FontForgeValidateStateTest.test_postscript_hasnt_limit_points_in_glyphs(): OK
bakery_lint.tests.downstream.test_fontforge_validation_state.FontForgeValidateStateTest.test_referenced_glyphs_are_present(): OK
bakery_lint.tests.downstream.test_fontforge_validation_state.FontForgeValidateStateTest.test_valid_glyph_names(): OK
bakery_lint.tests.downstream.test_fontforge_validation_state.FontForgeValidateStateTest.test_valid_length_instructions(): OK
bakery_lint.tests.downstream.test_fontforge_validation_state.FontForgeValidateStateTest.test_validation_glyph_intersect(): FAIL
bakery_lint.tests.downstream.test_fontforge_validation_state.FontForgeValidateStateTest.test_validation_open_contours(): OK
bakery_lint.tests.downstream.test_fontforge_validation_state.FontForgeValidateStateTest.test_wrong_direction_in_glyphs(): FAIL
bakery_lint.tests.downstream.test_check_upm_heights_less_120.TestCheckUPMHeightsLess120.test_check_upm_heigths_less_120(): FAIL
bakery_lint.tests.downstream.test_check_names_same_across_platforms.CheckNamesSameAcrossPlatforms.test_check_names_same_across_platforms(): OK
bakery_lint.tests.downstream.test_check_magic_prep_code.CheckMagicPREPByteCode.test_prep_magic_code(): FAIL
bakery_lint.tests.downstream.test_check_unused_glyph_data.CheckUnusedGlyphData.test_check_unused_glyph_data(): ERROR
bakery_lint.tests.downstream.test_check_os2_width_class.CheckOS2WidthClass.test_check_os2_width_class(): OK
bakery_lint.tests.downstream.test_check_license_included.CheckLicenseIncluded.test_license_included_in_font_names(): OK
bakery_lint.tests.downstream.test_check_panose_identification.CheckPanoseIdentification.test_check_panose_identification(): OK
bakery_lint.tests.downstream.test_check_glyph_existence.CheckGlyphExistence.test_euro(): OK
bakery_lint.tests.downstream.test_check_glyph_existence.CheckGlyphExistence.test_nbsp(): OK
bakery_lint.tests.downstream.test_check_glyph_existence.CheckGlyphExistence.test_space(): OK
bakery_lint.tests.downstream.test_gpos_table_has_kerning_info.CheckGposTableHasKerningInfo.test_gpos_table_has_kerning_info(): OK
bakery_lint.tests.downstream.test_check_hmtx_hhea_max_advance_width_agreement.CheckHmtxHheaMaxAdvanceWidthAgreement.test_check_hmtx_hhea_max_advance_width_agreement(): OK
bakery_lint.tests.downstream.test_check_fontname_matches_macstyle.CheckFontNameEqualToMacStyleFlags.test_fontname_is_equal_to_macstyle(): FAIL
bakery_lint.tests.downstream.test_gasp_table_value.CheckGaspTableType.test_check_gasp_table_type(): OK
$ fontbakery-fix-gasp.py --set=15 /home/travis/build/fontdirectory/seymourone/builds/build/SeymourOne-Book.ttf
$ mv /home/travis/build/fontdirectory/seymourone/builds/build/SeymourOne-Book.ttf.fix /home/travis/build/fontdirectory/seymourone/builds/build/SeymourOne-Book.ttf
### Optimize TTF SeymourOne-Book.ttf
$ ls -l 'SeymourOne-Book.ttf'* # look at the size savings of that subset process
SeymourOne-Book.ttf.opt: 73200 bytes
SeymourOne-Book.ttf: 74568 bytes
$ mv /home/travis/build/fontdirectory/seymourone/builds/build/SeymourOne-Book.ttf.opt /home/travis/build/fontdirectory/seymourone/builds/build/SeymourOne-Book.ttf
### Autohint TTFs (ttfautohint) SeymourOne-Book.ttf
$ ttfautohint -l 7 -r 28 -G 50 -x 13 -w "G" /home/travis/build/fontdirectory/seymourone/builds/build/SeymourOne-Book.ttf '/home/travis/build/fontdirectory/seymourone/builds/build/SeymourOne-Book.autohint.ttf'

$ ls -l /home/travis/build/fontdirectory/seymourone/builds/build/SeymourOne-Book.*ttf # look at the size savings of that subset process
/home/travis/build/fontdirectory/seymourone/builds/build/SeymourOne-Book.ttf: 73200 bytes
/home/travis/build/fontdirectory/seymourone/builds/build/SeymourOne-Book.autohint.ttf: 62960 bytes
$ mv /home/travis/build/fontdirectory/seymourone/builds/build/SeymourOne-Book.autohint.ttf /home/travis/build/fontdirectory/seymourone/builds/build/SeymourOne-Book.ttf
### Subset TTFs (pyftsubset) SeymourOne-Book.ttf
$ pyftsubset SeymourOne-Book.latin
$ pyftsubset SeymourOne-Book.menu
strippedname:/home/travis/build/fontdirectory/seymourone/builds/build/SeymourOne-Book.ttf
$ fontbakery-build-font2ttf.py sources/SeymourOne-Regular.ufo SeymourOne-Regular.ttf
Success: Generated OpenType-TTF (/home/travis/build/fontdirectory/seymourone/builds/build/SeymourOne-Regular.ttf)
### Test SeymourOne-Regular.ttf
$ fontbakery-check.py result SeymourOne-Regular.ttf
bakery_lint.tests.downstream.test_check_font_agreements.CheckFsTypeIsNotSet.test_is_fstype_not_set(): FAIL
$ fontbakery-fix-fstype.py --autofix /home/travis/build/fontdirectory/seymourone/builds/build/SeymourOne-Regular.ttf
$ mv /home/travis/build/fontdirectory/seymourone/builds/build/SeymourOne-Regular.ttf.fix /home/travis/build/fontdirectory/seymourone/builds/build/SeymourOne-Regular.ttf
bakery_lint.tests.downstream.test_check_font_agreements.CheckFsTypeIsNotSet.test_is_fstype_not_set(): OK
$ fontbakery-fix-fstype.py --autofix /home/travis/build/fontdirectory/seymourone/builds/build/SeymourOne-Regular.ttf
$ mv /home/travis/build/fontdirectory/seymourone/builds/build/SeymourOne-Regular.ttf.fix /home/travis/build/fontdirectory/seymourone/builds/build/SeymourOne-Regular.ttf
bakery_lint.tests.downstream.test_check_font_agreements.CheckFontAgreements.test_em_is_1000(): FAIL
bakery_lint.tests.downstream.test_check_font_agreements.CheckFontAgreements.test_font_is_font(): OK
bakery_lint.tests.downstream.test_check_font_agreements.CheckFontAgreements.test_latin_file_exists(): FAIL
bakery_lint.tests.downstream.test_check_font_agreements.CheckFontAgreements.test_menu_file_exists(): FAIL
bakery_lint.tests.downstream.test_check_vertical_metrics.CheckVerticalLinegapMetrics.test_metrics_linegaps_are_zero(): OK
bakery_lint.tests.downstream.test_check_vertical_metrics.CheckVerticalAscentMetrics.test_metrics_ascents_equal_bbox(): FAIL
$ fontbakery-fix-vertical-metrics.py --autofix /home/travis/build/fontdirectory/seymourone/builds/build/SeymourOne-Book.ttf /home/travis/build/fontdirectory/seymourone/builds/build/SeymourOne-Regular.ttf
$ mv /home/travis/build/fontdirectory/seymourone/builds/build/SeymourOne-Book.ttf.fix /home/travis/build/fontdirectory/seymourone/builds/build/SeymourOne-Book.ttf
$ mv /home/travis/build/fontdirectory/seymourone/builds/build/SeymourOne-Regular.ttf.fix /home/travis/build/fontdirectory/seymourone/builds/build/SeymourOne-Regular.ttf
$ fontbakery-fix-vertical-metrics.py /home/travis/build/fontdirectory/seymourone/builds/build/SeymourOne-Book.ttf /home/travis/build/fontdirectory/seymourone/builds/build/SeymourOne-Regular.ttf
Parameter              SeymourOne-Book.ttf    SeymourOne-Regular.ttf    
ymax                   2236                   2236                      
hhea.ascent            2236                   2236                      
OS/2.sTypoAscender     2236                   2236                      
OS/2.usWinAscent       2236                   2236                      
ymin                   -927                   -927                      
hhea.descent           -927                   -927                      
OS/2.sTypoDescender    -927                   -927                      
OS/2.usWinDescent      927                    927                       
hhea.lineGap           0                      0                         
OS/2.sTypoLineGap      0                      0                         
hhea total             3163                   3163                      
typo total             3163                   3163                      
win total              3163                   3163                      
UPM:Heights            2048:3163              2048:3163                 
UPM:Heights %          154 %                  154 %                     


bakery_lint.tests.downstream.test_check_vertical_metrics.CheckVerticalAscentMetrics.test_metrics_ascents_equal_bbox(): OK
bakery_lint.tests.downstream.test_check_vertical_metrics.CheckVerticalDescentMetrics.test_metrics_descents_equal_bbox(): OK
bakery_lint.tests.downstream.test_check_unencoded_glyph.TestFontUnencodedGlyph.test_font_unencoded_glyphs(): FAIL
$ fontbakery-fix-glyph-private-encoding.py --autofix /home/travis/build/fontdirectory/seymourone/builds/build/SeymourOne-Regular.ttf
$ mv /home/travis/build/fontdirectory/seymourone/builds/build/SeymourOne-Regular.ttf.fix /home/travis/build/fontdirectory/seymourone/builds/build/SeymourOne-Regular.ttf
bakery_lint.tests.downstream.test_check_unencoded_glyph.TestFontUnencodedGlyph.test_font_unencoded_glyphs(): FAIL
bakery_lint.tests.downstream.test_check_full_font_name_begins_with_family_name.CheckFullFontNameBeginsWithFamilyName.test_check_full_font_name_begins_with_family_name(): OK
bakery_lint.tests.downstream.test_names_are_ascii_only.CheckNamesAreASCIIOnly.test_check_names_are_ascii_only(): OK
bakery_lint.tests.downstream.test_check_glyf_table_length.CheckGlyfTableLength.test_check_glyf_table_length(): FAIL
bakery_lint.tests.downstream.test_check_font_tables.CheckFontHasDsigTable.test_check_font_has_dsig_table(): OK
bakery_lint.tests.downstream.test_check_font_tables.CheckFontHasNotKernTable.test_no_kern_table_exists(): OK
bakery_lint.tests.downstream.test_check_italic_angle_agreement.CheckItalicAngleAgreement.test_check_italic_angle_agreement(): OK
bakery_lint.tests.downstream.test_check_nbsp_width_matches_sp_width.CheckNbspWidthMatchesSpWidth.test_check_nbsp_width_matches_sp_width(): OK
bakery_lint.tests.downstream.test_check_no_problematic_formats.CheckNoProblematicFormats.test_check_no_problematic_formats(): OK
bakery_lint.tests.downstream.test_check_name_table_recommendation.CheckStyleNameRecommendation.test_check_stylename_is_under_recommendations(): FAIL
$ fontbakery-fix-opentype-names.py /home/travis/build/fontdirectory/seymourone/builds/build/SeymourOne-Regular.ttf
$ mv /home/travis/build/fontdirectory/seymourone/builds/build/SeymourOne-Regular.ttf.fix /home/travis/build/fontdirectory/seymourone/builds/build/SeymourOne-Regular.ttf
bakery_lint.tests.downstream.test_check_name_table_recommendation.CheckStyleNameRecommendation.test_check_stylename_is_under_recommendations(): FAIL
bakery_lint.tests.downstream.test_check_name_table_recommendation.CheckOTFamilyNameRecommendation.test_check_opentype_familyname(): OK
bakery_lint.tests.downstream.test_check_name_table_recommendation.CheckOTStyleNameRecommendation.test_check_opentype_stylename(): FAIL
$ fontbakery-fix-opentype-names.py /home/travis/build/fontdirectory/seymourone/builds/build/SeymourOne-Regular.ttf
$ mv /home/travis/build/fontdirectory/seymourone/builds/build/SeymourOne-Regular.ttf.fix /home/travis/build/fontdirectory/seymourone/builds/build/SeymourOne-Regular.ttf
bakery_lint.tests.downstream.test_check_name_table_recommendation.CheckOTStyleNameRecommendation.test_check_opentype_stylename(): FAIL
bakery_lint.tests.downstream.test_check_name_table_recommendation.CheckOTFullNameRecommendation.test_check_opentype_fullname(): OK
The following table(s) in the font have been ignored by FontForge
  Ignoring 'DSIG' digital signature table
The glyph named mu is mapped to U+03BC.
But its name indicates it should be mapped to U+00B5.
The glyph named uni00B2 is mapped to U+F0201.
But its name indicates it should be mapped to U+00B2.
bakery_lint.tests.downstream.test_fontforge_validation_state.FontForgeValidateStateTest.test_allowed_numbers_paths_in_composite_glyphs(): OK
bakery_lint.tests.downstream.test_fontforge_validation_state.FontForgeValidateStateTest.test_allowed_numbers_paths_in_glyphs(): OK
bakery_lint.tests.downstream.test_fontforge_validation_state.FontForgeValidateStateTest.test_allowed_numbers_points_in_composite_glyphs(): OK
bakery_lint.tests.downstream.test_fontforge_validation_state.FontForgeValidateStateTest.test_allowed_numbers_points_in_glyphs(): OK
bakery_lint.tests.downstream.test_fontforge_validation_state.FontForgeValidateStateTest.test_duplicate_glyphs(): FAIL
bakery_lint.tests.downstream.test_fontforge_validation_state.FontForgeValidateStateTest.test_duplicate_unicode_codepoints(): OK
bakery_lint.tests.downstream.test_fontforge_validation_state.FontForgeValidateStateTest.test_flipped_reference_in_glyphs(): OK
bakery_lint.tests.downstream.test_fontforge_validation_state.FontForgeValidateStateTest.test_missing_anchors(): OK
bakery_lint.tests.downstream.test_fontforge_validation_state.FontForgeValidateStateTest.test_missing_extrema_in_glyphs(): FAIL
bakery_lint.tests.downstream.test_fontforge_validation_state.FontForgeValidateStateTest.test_overlapped_hints(): OK
bakery_lint.tests.downstream.test_fontforge_validation_state.FontForgeValidateStateTest.test_points_are_integer_aligned(): OK
bakery_lint.tests.downstream.test_fontforge_validation_state.FontForgeValidateStateTest.test_points_are_not_too_far_apart(): OK
bakery_lint.tests.downstream.test_fontforge_validation_state.FontForgeValidateStateTest.test_postscript_hasnt_limit_hints_in_glyphs(): OK
bakery_lint.tests.downstream.test_fontforge_validation_state.FontForgeValidateStateTest.test_postscript_hasnt_limit_points_in_glyphs(): OK
bakery_lint.tests.downstream.test_fontforge_validation_state.FontForgeValidateStateTest.test_referenced_glyphs_are_present(): OK
bakery_lint.tests.downstream.test_fontforge_validation_state.FontForgeValidateStateTest.test_valid_glyph_names(): OK
bakery_lint.tests.downstream.test_fontforge_validation_state.FontForgeValidateStateTest.test_valid_length_instructions(): OK
bakery_lint.tests.downstream.test_fontforge_validation_state.FontForgeValidateStateTest.test_validation_glyph_intersect(): FAIL
bakery_lint.tests.downstream.test_fontforge_validation_state.FontForgeValidateStateTest.test_validation_open_contours(): OK
bakery_lint.tests.downstream.test_fontforge_validation_state.FontForgeValidateStateTest.test_wrong_direction_in_glyphs(): OK
bakery_lint.tests.downstream.test_check_upm_heights_less_120.TestCheckUPMHeightsLess120.test_check_upm_heigths_less_120(): FAIL
bakery_lint.tests.downstream.test_check_names_same_across_platforms.CheckNamesSameAcrossPlatforms.test_check_names_same_across_platforms(): OK
bakery_lint.tests.downstream.test_check_magic_prep_code.CheckMagicPREPByteCode.test_prep_magic_code(): FAIL
bakery_lint.tests.downstream.test_check_unused_glyph_data.CheckUnusedGlyphData.test_check_unused_glyph_data(): ERROR
bakery_lint.tests.downstream.test_check_os2_width_class.CheckOS2WidthClass.test_check_os2_width_class(): OK
bakery_lint.tests.downstream.test_check_license_included.CheckLicenseIncluded.test_license_included_in_font_names(): OK
bakery_lint.tests.downstream.test_check_panose_identification.CheckPanoseIdentification.test_check_panose_identification(): OK
bakery_lint.tests.downstream.test_check_glyph_existence.CheckGlyphExistence.test_euro(): OK
bakery_lint.tests.downstream.test_check_glyph_existence.CheckGlyphExistence.test_nbsp(): OK
bakery_lint.tests.downstream.test_check_glyph_existence.CheckGlyphExistence.test_space(): OK
bakery_lint.tests.downstream.test_gpos_table_has_kerning_info.CheckGposTableHasKerningInfo.test_gpos_table_has_kerning_info(): OK
bakery_lint.tests.downstream.test_check_hmtx_hhea_max_advance_width_agreement.CheckHmtxHheaMaxAdvanceWidthAgreement.test_check_hmtx_hhea_max_advance_width_agreement(): OK
bakery_lint.tests.downstream.test_check_fontname_matches_macstyle.CheckFontNameEqualToMacStyleFlags.test_fontname_is_equal_to_macstyle(): FAIL
bakery_lint.tests.downstream.test_gasp_table_value.CheckGaspTableType.test_check_gasp_table_type(): FAIL
$ fontbakery-fix-gasp.py --set=15 /home/travis/build/fontdirectory/seymourone/builds/build/SeymourOne-Regular.ttf
$ mv /home/travis/build/fontdirectory/seymourone/builds/build/SeymourOne-Regular.ttf.fix /home/travis/build/fontdirectory/seymourone/builds/build/SeymourOne-Regular.ttf
bakery_lint.tests.downstream.test_gasp_table_value.CheckGaspTableType.test_check_gasp_table_type(): OK
$ fontbakery-fix-gasp.py --set=15 /home/travis/build/fontdirectory/seymourone/builds/build/SeymourOne-Regular.ttf
$ mv /home/travis/build/fontdirectory/seymourone/builds/build/SeymourOne-Regular.ttf.fix /home/travis/build/fontdirectory/seymourone/builds/build/SeymourOne-Regular.ttf
### Optimize TTF SeymourOne-Regular.ttf
$ ls -l 'SeymourOne-Regular.ttf'* # look at the size savings of that subset process
SeymourOne-Regular.ttf.opt: 40720 bytes
SeymourOne-Regular.ttf: 45764 bytes
$ mv /home/travis/build/fontdirectory/seymourone/builds/build/SeymourOne-Regular.ttf.opt /home/travis/build/fontdirectory/seymourone/builds/build/SeymourOne-Regular.ttf
### Autohint TTFs (ttfautohint) SeymourOne-Regular.ttf
$ ttfautohint -l 7 -r 28 -G 50 -x 13 -w "G" /home/travis/build/fontdirectory/seymourone/builds/build/SeymourOne-Regular.ttf '/home/travis/build/fontdirectory/seymourone/builds/build/SeymourOne-Regular.autohint.ttf'

$ ls -l /home/travis/build/fontdirectory/seymourone/builds/build/SeymourOne-Regular.*ttf # look at the size savings of that subset process
/home/travis/build/fontdirectory/seymourone/builds/build/SeymourOne-Regular.ttf: 40720 bytes
/home/travis/build/fontdirectory/seymourone/builds/build/SeymourOne-Regular.autohint.ttf: 62124 bytes
$ mv /home/travis/build/fontdirectory/seymourone/builds/build/SeymourOne-Regular.autohint.ttf /home/travis/build/fontdirectory/seymourone/builds/build/SeymourOne-Regular.ttf
### Subset TTFs (pyftsubset) SeymourOne-Regular.ttf
$ pyftsubset SeymourOne-Regular.latin
$ pyftsubset SeymourOne-Regular.menu
strippedname:/home/travis/build/fontdirectory/seymourone/builds/build/SeymourOne-Regular.ttf
$ fontbakery-build-font2ttf.py sources/SeymourOne-Regular-TTF.sfd SeymourOne-Regular-TTF.ttf
Success: Generated OpenType-TTF (/home/travis/build/fontdirectory/seymourone/builds/build/SeymourOne-Regular-TTF.ttf)
### Test SeymourOne-Regular-TTF.ttf
$ fontbakery-check.py result SeymourOne-Regular-TTF.ttf
bakery_lint.tests.downstream.test_check_font_agreements.CheckFsTypeIsNotSet.test_is_fstype_not_set(): OK
$ fontbakery-fix-fstype.py --autofix /home/travis/build/fontdirectory/seymourone/builds/build/SeymourOne-Regular-TTF.ttf
$ mv /home/travis/build/fontdirectory/seymourone/builds/build/SeymourOne-Regular-TTF.ttf.fix /home/travis/build/fontdirectory/seymourone/builds/build/SeymourOne-Regular-TTF.ttf
bakery_lint.tests.downstream.test_check_font_agreements.CheckFontAgreements.test_em_is_1000(): FAIL
bakery_lint.tests.downstream.test_check_font_agreements.CheckFontAgreements.test_font_is_font(): OK
bakery_lint.tests.downstream.test_check_font_agreements.CheckFontAgreements.test_latin_file_exists(): FAIL
bakery_lint.tests.downstream.test_check_font_agreements.CheckFontAgreements.test_menu_file_exists(): FAIL
bakery_lint.tests.downstream.test_check_vertical_metrics.CheckVerticalLinegapMetrics.test_metrics_linegaps_are_zero(): OK
bakery_lint.tests.downstream.test_check_vertical_metrics.CheckVerticalAscentMetrics.test_metrics_ascents_equal_bbox(): FAIL
$ fontbakery-fix-vertical-metrics.py --autofix /home/travis/build/fontdirectory/seymourone/builds/build/SeymourOne-Book.ttf /home/travis/build/fontdirectory/seymourone/builds/build/SeymourOne-Regular-TTF.ttf /home/travis/build/fontdirectory/seymourone/builds/build/SeymourOne-Regular.ttf
$ mv /home/travis/build/fontdirectory/seymourone/builds/build/SeymourOne-Book.ttf.fix /home/travis/build/fontdirectory/seymourone/builds/build/SeymourOne-Book.ttf
$ mv /home/travis/build/fontdirectory/seymourone/builds/build/SeymourOne-Regular-TTF.ttf.fix /home/travis/build/fontdirectory/seymourone/builds/build/SeymourOne-Regular-TTF.ttf
$ mv /home/travis/build/fontdirectory/seymourone/builds/build/SeymourOne-Regular.ttf.fix /home/travis/build/fontdirectory/seymourone/builds/build/SeymourOne-Regular.ttf
$ fontbakery-fix-vertical-metrics.py /home/travis/build/fontdirectory/seymourone/builds/build/SeymourOne-Book.ttf /home/travis/build/fontdirectory/seymourone/builds/build/SeymourOne-Regular-TTF.ttf /home/travis/build/fontdirectory/seymourone/builds/build/SeymourOne-Regular.ttf
Parameter              SeymourOne-Book.ttf    SeymourOne-Regular-TTF.ttf    SeymourOne-Regular.ttf    
ymax                   2236                   2236                          2236                      
hhea.ascent            2236                   2236                          2236                      
OS/2.sTypoAscender     2236                   2236                          2236                      
OS/2.usWinAscent       2236                   2236                          2236                      
ymin                   -927                   -927                          -927                      
hhea.descent           -927                   -927                          -927                      
OS/2.sTypoDescender    -927                   -927                          -927                      
OS/2.usWinDescent      927                    927                           927                       
hhea.lineGap           0                      0                             0                         
OS/2.sTypoLineGap      0                      0                             0                         
hhea total             3163                   3163                          3163                      
typo total             3163                   3163                          3163                      
win total              3163                   3163                          3163                      
UPM:Heights            2048:3163              2048:3163                     2048:3163                 
UPM:Heights %          154 %                  154 %                         154 %                     


bakery_lint.tests.downstream.test_check_vertical_metrics.CheckVerticalAscentMetrics.test_metrics_ascents_equal_bbox(): OK
bakery_lint.tests.downstream.test_check_vertical_metrics.CheckVerticalDescentMetrics.test_metrics_descents_equal_bbox(): OK
bakery_lint.tests.downstream.test_check_unencoded_glyph.TestFontUnencodedGlyph.test_font_unencoded_glyphs(): FAIL
$ fontbakery-fix-glyph-private-encoding.py --autofix /home/travis/build/fontdirectory/seymourone/builds/build/SeymourOne-Regular-TTF.ttf
$ mv /home/travis/build/fontdirectory/seymourone/builds/build/SeymourOne-Regular-TTF.ttf.fix /home/travis/build/fontdirectory/seymourone/builds/build/SeymourOne-Regular-TTF.ttf
bakery_lint.tests.downstream.test_check_unencoded_glyph.TestFontUnencodedGlyph.test_font_unencoded_glyphs(): FAIL
bakery_lint.tests.downstream.test_check_full_font_name_begins_with_family_name.CheckFullFontNameBeginsWithFamilyName.test_check_full_font_name_begins_with_family_name(): OK
bakery_lint.tests.downstream.test_names_are_ascii_only.CheckNamesAreASCIIOnly.test_check_names_are_ascii_only(): OK
bakery_lint.tests.downstream.test_check_glyf_table_length.CheckGlyfTableLength.test_check_glyf_table_length(): FAIL
bakery_lint.tests.downstream.test_check_font_tables.CheckFontHasDsigTable.test_check_font_has_dsig_table(): OK
bakery_lint.tests.downstream.test_check_font_tables.CheckFontHasNotKernTable.test_no_kern_table_exists(): OK
bakery_lint.tests.downstream.test_check_italic_angle_agreement.CheckItalicAngleAgreement.test_check_italic_angle_agreement(): OK
bakery_lint.tests.downstream.test_check_nbsp_width_matches_sp_width.CheckNbspWidthMatchesSpWidth.test_check_nbsp_width_matches_sp_width(): OK
bakery_lint.tests.downstream.test_check_no_problematic_formats.CheckNoProblematicFormats.test_check_no_problematic_formats(): OK
bakery_lint.tests.downstream.test_check_name_table_recommendation.CheckStyleNameRecommendation.test_check_stylename_is_under_recommendations(): FAIL
$ fontbakery-fix-opentype-names.py /home/travis/build/fontdirectory/seymourone/builds/build/SeymourOne-Regular-TTF.ttf
$ mv /home/travis/build/fontdirectory/seymourone/builds/build/SeymourOne-Regular-TTF.ttf.fix /home/travis/build/fontdirectory/seymourone/builds/build/SeymourOne-Regular-TTF.ttf
bakery_lint.tests.downstream.test_check_name_table_recommendation.CheckStyleNameRecommendation.test_check_stylename_is_under_recommendations(): FAIL
bakery_lint.tests.downstream.test_check_name_table_recommendation.CheckOTFamilyNameRecommendation.test_check_opentype_familyname(): OK
bakery_lint.tests.downstream.test_check_name_table_recommendation.CheckOTStyleNameRecommendation.test_check_opentype_stylename(): FAIL
$ fontbakery-fix-opentype-names.py /home/travis/build/fontdirectory/seymourone/builds/build/SeymourOne-Regular-TTF.ttf
$ mv /home/travis/build/fontdirectory/seymourone/builds/build/SeymourOne-Regular-TTF.ttf.fix /home/travis/build/fontdirectory/seymourone/builds/build/SeymourOne-Regular-TTF.ttf
bakery_lint.tests.downstream.test_check_name_table_recommendation.CheckOTStyleNameRecommendation.test_check_opentype_stylename(): FAIL
bakery_lint.tests.downstream.test_check_name_table_recommendation.CheckOTFullNameRecommendation.test_check_opentype_fullname(): OK
The following table(s) in the font have been ignored by FontForge
  Ignoring 'DSIG' digital signature table
The glyph named mu is mapped to U+03BC.
But its name indicates it should be mapped to U+00B5.
bakery_lint.tests.downstream.test_fontforge_validation_state.FontForgeValidateStateTest.test_allowed_numbers_paths_in_composite_glyphs(): OK
bakery_lint.tests.downstream.test_fontforge_validation_state.FontForgeValidateStateTest.test_allowed_numbers_paths_in_glyphs(): OK
bakery_lint.tests.downstream.test_fontforge_validation_state.FontForgeValidateStateTest.test_allowed_numbers_points_in_composite_glyphs(): OK
bakery_lint.tests.downstream.test_fontforge_validation_state.FontForgeValidateStateTest.test_allowed_numbers_points_in_glyphs(): OK
bakery_lint.tests.downstream.test_fontforge_validation_state.FontForgeValidateStateTest.test_duplicate_glyphs(): OK
bakery_lint.tests.downstream.test_fontforge_validation_state.FontForgeValidateStateTest.test_duplicate_unicode_codepoints(): OK
bakery_lint.tests.downstream.test_fontforge_validation_state.FontForgeValidateStateTest.test_flipped_reference_in_glyphs(): OK
bakery_lint.tests.downstream.test_fontforge_validation_state.FontForgeValidateStateTest.test_missing_anchors(): OK
bakery_lint.tests.downstream.test_fontforge_validation_state.FontForgeValidateStateTest.test_missing_extrema_in_glyphs(): FAIL
bakery_lint.tests.downstream.test_fontforge_validation_state.FontForgeValidateStateTest.test_overlapped_hints(): OK
bakery_lint.tests.downstream.test_fontforge_validation_state.FontForgeValidateStateTest.test_points_are_integer_aligned(): OK
bakery_lint.tests.downstream.test_fontforge_validation_state.FontForgeValidateStateTest.test_points_are_not_too_far_apart(): OK
bakery_lint.tests.downstream.test_fontforge_validation_state.FontForgeValidateStateTest.test_postscript_hasnt_limit_hints_in_glyphs(): OK
bakery_lint.tests.downstream.test_fontforge_validation_state.FontForgeValidateStateTest.test_postscript_hasnt_limit_points_in_glyphs(): OK
bakery_lint.tests.downstream.test_fontforge_validation_state.FontForgeValidateStateTest.test_referenced_glyphs_are_present(): OK
bakery_lint.tests.downstream.test_fontforge_validation_state.FontForgeValidateStateTest.test_valid_glyph_names(): OK
bakery_lint.tests.downstream.test_fontforge_validation_state.FontForgeValidateStateTest.test_valid_length_instructions(): OK
bakery_lint.tests.downstream.test_fontforge_validation_state.FontForgeValidateStateTest.test_validation_glyph_intersect(): FAIL
bakery_lint.tests.downstream.test_fontforge_validation_state.FontForgeValidateStateTest.test_validation_open_contours(): OK
bakery_lint.tests.downstream.test_fontforge_validation_state.FontForgeValidateStateTest.test_wrong_direction_in_glyphs(): OK
bakery_lint.tests.downstream.test_check_upm_heights_less_120.TestCheckUPMHeightsLess120.test_check_upm_heigths_less_120(): FAIL
bakery_lint.tests.downstream.test_check_names_same_across_platforms.CheckNamesSameAcrossPlatforms.test_check_names_same_across_platforms(): OK
bakery_lint.tests.downstream.test_check_magic_prep_code.CheckMagicPREPByteCode.test_prep_magic_code(): FAIL
bakery_lint.tests.downstream.test_check_unused_glyph_data.CheckUnusedGlyphData.test_check_unused_glyph_data(): ERROR
bakery_lint.tests.downstream.test_check_os2_width_class.CheckOS2WidthClass.test_check_os2_width_class(): OK
bakery_lint.tests.downstream.test_check_license_included.CheckLicenseIncluded.test_license_included_in_font_names(): OK
bakery_lint.tests.downstream.test_check_panose_identification.CheckPanoseIdentification.test_check_panose_identification(): OK
bakery_lint.tests.downstream.test_check_glyph_existence.CheckGlyphExistence.test_euro(): OK
bakery_lint.tests.downstream.test_check_glyph_existence.CheckGlyphExistence.test_nbsp(): OK
bakery_lint.tests.downstream.test_check_glyph_existence.CheckGlyphExistence.test_space(): OK
bakery_lint.tests.downstream.test_gpos_table_has_kerning_info.CheckGposTableHasKerningInfo.test_gpos_table_has_kerning_info(): OK
bakery_lint.tests.downstream.test_check_hmtx_hhea_max_advance_width_agreement.CheckHmtxHheaMaxAdvanceWidthAgreement.test_check_hmtx_hhea_max_advance_width_agreement(): OK
bakery_lint.tests.downstream.test_check_fontname_matches_macstyle.CheckFontNameEqualToMacStyleFlags.test_fontname_is_equal_to_macstyle(): FAIL
bakery_lint.tests.downstream.test_gasp_table_value.CheckGaspTableType.test_check_gasp_table_type(): FAIL
$ fontbakery-fix-gasp.py --set=15 /home/travis/build/fontdirectory/seymourone/builds/build/SeymourOne-Regular-TTF.ttf
$ mv /home/travis/build/fontdirectory/seymourone/builds/build/SeymourOne-Regular-TTF.ttf.fix /home/travis/build/fontdirectory/seymourone/builds/build/SeymourOne-Regular-TTF.ttf
bakery_lint.tests.downstream.test_gasp_table_value.CheckGaspTableType.test_check_gasp_table_type(): OK
$ fontbakery-fix-gasp.py --set=15 /home/travis/build/fontdirectory/seymourone/builds/build/SeymourOne-Regular-TTF.ttf
$ mv /home/travis/build/fontdirectory/seymourone/builds/build/SeymourOne-Regular-TTF.ttf.fix /home/travis/build/fontdirectory/seymourone/builds/build/SeymourOne-Regular-TTF.ttf
### Optimize TTF SeymourOne-Regular-TTF.ttf
$ ls -l 'SeymourOne-Regular-TTF.ttf'* # look at the size savings of that subset process
SeymourOne-Regular-TTF.ttf.opt: 41500 bytes
SeymourOne-Regular-TTF.ttf: 46600 bytes
$ mv /home/travis/build/fontdirectory/seymourone/builds/build/SeymourOne-Regular-TTF.ttf.opt /home/travis/build/fontdirectory/seymourone/builds/build/SeymourOne-Regular-TTF.ttf
### Autohint TTFs (ttfautohint) SeymourOne-Regular-TTF.ttf
$ ttfautohint -l 7 -r 28 -G 50 -x 13 -w "G" /home/travis/build/fontdirectory/seymourone/builds/build/SeymourOne-Regular-TTF.ttf '/home/travis/build/fontdirectory/seymourone/builds/build/SeymourOne-Regular-TTF.autohint.ttf'

$ ls -l /home/travis/build/fontdirectory/seymourone/builds/build/SeymourOne-Regular-TTF.*ttf # look at the size savings of that subset process
/home/travis/build/fontdirectory/seymourone/builds/build/SeymourOne-Regular-TTF.ttf: 41500 bytes
/home/travis/build/fontdirectory/seymourone/builds/build/SeymourOne-Regular-TTF.autohint.ttf: 62948 bytes
$ mv /home/travis/build/fontdirectory/seymourone/builds/build/SeymourOne-Regular-TTF.autohint.ttf /home/travis/build/fontdirectory/seymourone/builds/build/SeymourOne-Regular-TTF.ttf
### Subset TTFs (pyftsubset) SeymourOne-Regular-TTF.ttf
$ pyftsubset SeymourOne-Regular-TTF.latin
$ pyftsubset SeymourOne-Regular-TTF.menu
strippedname:/home/travis/build/fontdirectory/seymourone/builds/build/SeymourOne-Regular-TTF.ttf
$ fontbakery-build-font2ttf.py sources/SeymourOne-Regular.sfd SeymourOne-Regular.ttf
Success: Generated OpenType-TTF (/home/travis/build/fontdirectory/seymourone/builds/build/SeymourOne-Regular.ttf)
### Test SeymourOne-Regular.ttf
$ fontbakery-check.py result SeymourOne-Regular.ttf
bakery_lint.tests.downstream.test_check_font_agreements.CheckFsTypeIsNotSet.test_is_fstype_not_set(): OK
$ fontbakery-fix-fstype.py --autofix /home/travis/build/fontdirectory/seymourone/builds/build/SeymourOne-Regular.ttf
$ mv /home/travis/build/fontdirectory/seymourone/builds/build/SeymourOne-Regular.ttf.fix /home/travis/build/fontdirectory/seymourone/builds/build/SeymourOne-Regular.ttf
bakery_lint.tests.downstream.test_check_font_agreements.CheckFontAgreements.test_em_is_1000(): FAIL
bakery_lint.tests.downstream.test_check_font_agreements.CheckFontAgreements.test_font_is_font(): OK
bakery_lint.tests.downstream.test_check_font_agreements.CheckFontAgreements.test_latin_file_exists(): OK
bakery_lint.tests.downstream.test_check_font_agreements.CheckFontAgreements.test_menu_file_exists(): OK
bakery_lint.tests.downstream.test_check_vertical_metrics.CheckVerticalLinegapMetrics.test_metrics_linegaps_are_zero(): OK
bakery_lint.tests.downstream.test_check_vertical_metrics.CheckVerticalAscentMetrics.test_metrics_ascents_equal_bbox(): FAIL
$ fontbakery-fix-vertical-metrics.py --autofix /home/travis/build/fontdirectory/seymourone/builds/build/SeymourOne-Book.ttf /home/travis/build/fontdirectory/seymourone/builds/build/SeymourOne-Regular-TTF.ttf /home/travis/build/fontdirectory/seymourone/builds/build/SeymourOne-Regular.ttf
$ mv /home/travis/build/fontdirectory/seymourone/builds/build/SeymourOne-Book.ttf.fix /home/travis/build/fontdirectory/seymourone/builds/build/SeymourOne-Book.ttf
$ mv /home/travis/build/fontdirectory/seymourone/builds/build/SeymourOne-Regular-TTF.ttf.fix /home/travis/build/fontdirectory/seymourone/builds/build/SeymourOne-Regular-TTF.ttf
$ mv /home/travis/build/fontdirectory/seymourone/builds/build/SeymourOne-Regular.ttf.fix /home/travis/build/fontdirectory/seymourone/builds/build/SeymourOne-Regular.ttf
$ fontbakery-fix-vertical-metrics.py /home/travis/build/fontdirectory/seymourone/builds/build/SeymourOne-Book.ttf /home/travis/build/fontdirectory/seymourone/builds/build/SeymourOne-Regular-TTF.ttf /home/travis/build/fontdirectory/seymourone/builds/build/SeymourOne-Regular.ttf
Parameter              SeymourOne-Book.ttf    SeymourOne-Regular-TTF.ttf    SeymourOne-Regular.ttf    
ymax                   2236                   2236                          2236                      
hhea.ascent            2236                   2236                          2236                      
OS/2.sTypoAscender     2236                   2236                          2236                      
OS/2.usWinAscent       2236                   2236                          2236                      
ymin                   -927                   -927                          -927                      
hhea.descent           -927                   -927                          -927                      
OS/2.sTypoDescender    -927                   -927                          -927                      
OS/2.usWinDescent      927                    927                           927                       
hhea.lineGap           0                      0                             0                         
OS/2.sTypoLineGap      0                      0                             0                         
hhea total             3163                   3163                          3163                      
typo total             3163                   3163                          3163                      
win total              3163                   3163                          3163                      
UPM:Heights            2048:3163              2048:3163                     2048:3163                 
UPM:Heights %          154 %                  154 %                         154 %                     


bakery_lint.tests.downstream.test_check_vertical_metrics.CheckVerticalAscentMetrics.test_metrics_ascents_equal_bbox(): OK
bakery_lint.tests.downstream.test_check_vertical_metrics.CheckVerticalDescentMetrics.test_metrics_descents_equal_bbox(): OK
bakery_lint.tests.downstream.test_check_unencoded_glyph.TestFontUnencodedGlyph.test_font_unencoded_glyphs(): FAIL
$ fontbakery-fix-glyph-private-encoding.py --autofix /home/travis/build/fontdirectory/seymourone/builds/build/SeymourOne-Regular.ttf
$ mv /home/travis/build/fontdirectory/seymourone/builds/build/SeymourOne-Regular.ttf.fix /home/travis/build/fontdirectory/seymourone/builds/build/SeymourOne-Regular.ttf
bakery_lint.tests.downstream.test_check_unencoded_glyph.TestFontUnencodedGlyph.test_font_unencoded_glyphs(): FAIL
bakery_lint.tests.downstream.test_check_full_font_name_begins_with_family_name.CheckFullFontNameBeginsWithFamilyName.test_check_full_font_name_begins_with_family_name(): OK
bakery_lint.tests.downstream.test_names_are_ascii_only.CheckNamesAreASCIIOnly.test_check_names_are_ascii_only(): OK
bakery_lint.tests.downstream.test_check_glyf_table_length.CheckGlyfTableLength.test_check_glyf_table_length(): FAIL
bakery_lint.tests.downstream.test_check_font_tables.CheckFontHasDsigTable.test_check_font_has_dsig_table(): OK
bakery_lint.tests.downstream.test_check_font_tables.CheckFontHasNotKernTable.test_no_kern_table_exists(): OK
bakery_lint.tests.downstream.test_check_italic_angle_agreement.CheckItalicAngleAgreement.test_check_italic_angle_agreement(): OK
bakery_lint.tests.downstream.test_check_nbsp_width_matches_sp_width.CheckNbspWidthMatchesSpWidth.test_check_nbsp_width_matches_sp_width(): OK
bakery_lint.tests.downstream.test_check_no_problematic_formats.CheckNoProblematicFormats.test_check_no_problematic_formats(): OK
bakery_lint.tests.downstream.test_check_name_table_recommendation.CheckStyleNameRecommendation.test_check_stylename_is_under_recommendations(): FAIL
$ fontbakery-fix-opentype-names.py /home/travis/build/fontdirectory/seymourone/builds/build/SeymourOne-Regular.ttf
$ mv /home/travis/build/fontdirectory/seymourone/builds/build/SeymourOne-Regular.ttf.fix /home/travis/build/fontdirectory/seymourone/builds/build/SeymourOne-Regular.ttf
bakery_lint.tests.downstream.test_check_name_table_recommendation.CheckStyleNameRecommendation.test_check_stylename_is_under_recommendations(): FAIL
bakery_lint.tests.downstream.test_check_name_table_recommendation.CheckOTFamilyNameRecommendation.test_check_opentype_familyname(): OK
bakery_lint.tests.downstream.test_check_name_table_recommendation.CheckOTStyleNameRecommendation.test_check_opentype_stylename(): FAIL
$ fontbakery-fix-opentype-names.py /home/travis/build/fontdirectory/seymourone/builds/build/SeymourOne-Regular.ttf
$ mv /home/travis/build/fontdirectory/seymourone/builds/build/SeymourOne-Regular.ttf.fix /home/travis/build/fontdirectory/seymourone/builds/build/SeymourOne-Regular.ttf
bakery_lint.tests.downstream.test_check_name_table_recommendation.CheckOTStyleNameRecommendation.test_check_opentype_stylename(): FAIL
bakery_lint.tests.downstream.test_check_name_table_recommendation.CheckOTFullNameRecommendation.test_check_opentype_fullname(): OK
The following table(s) in the font have been ignored by FontForge
  Ignoring 'DSIG' digital signature table
The glyph named mu is mapped to U+03BC.
But its name indicates it should be mapped to U+00B5.
The glyph named uni00B2 is mapped to U+F0201.
But its name indicates it should be mapped to U+00B2.
bakery_lint.tests.downstream.test_fontforge_validation_state.FontForgeValidateStateTest.test_allowed_numbers_paths_in_composite_glyphs(): OK
bakery_lint.tests.downstream.test_fontforge_validation_state.FontForgeValidateStateTest.test_allowed_numbers_paths_in_glyphs(): OK
bakery_lint.tests.downstream.test_fontforge_validation_state.FontForgeValidateStateTest.test_allowed_numbers_points_in_composite_glyphs(): OK
bakery_lint.tests.downstream.test_fontforge_validation_state.FontForgeValidateStateTest.test_allowed_numbers_points_in_glyphs(): OK
bakery_lint.tests.downstream.test_fontforge_validation_state.FontForgeValidateStateTest.test_duplicate_glyphs(): FAIL
bakery_lint.tests.downstream.test_fontforge_validation_state.FontForgeValidateStateTest.test_duplicate_unicode_codepoints(): OK
bakery_lint.tests.downstream.test_fontforge_validation_state.FontForgeValidateStateTest.test_flipped_reference_in_glyphs(): OK
bakery_lint.tests.downstream.test_fontforge_validation_state.FontForgeValidateStateTest.test_missing_anchors(): OK
bakery_lint.tests.downstream.test_fontforge_validation_state.FontForgeValidateStateTest.test_missing_extrema_in_glyphs(): FAIL
bakery_lint.tests.downstream.test_fontforge_validation_state.FontForgeValidateStateTest.test_overlapped_hints(): OK
bakery_lint.tests.downstream.test_fontforge_validation_state.FontForgeValidateStateTest.test_points_are_integer_aligned(): OK
bakery_lint.tests.downstream.test_fontforge_validation_state.FontForgeValidateStateTest.test_points_are_not_too_far_apart(): OK
bakery_lint.tests.downstream.test_fontforge_validation_state.FontForgeValidateStateTest.test_postscript_hasnt_limit_hints_in_glyphs(): OK
bakery_lint.tests.downstream.test_fontforge_validation_state.FontForgeValidateStateTest.test_postscript_hasnt_limit_points_in_glyphs(): OK
bakery_lint.tests.downstream.test_fontforge_validation_state.FontForgeValidateStateTest.test_referenced_glyphs_are_present(): OK
bakery_lint.tests.downstream.test_fontforge_validation_state.FontForgeValidateStateTest.test_valid_glyph_names(): OK
bakery_lint.tests.downstream.test_fontforge_validation_state.FontForgeValidateStateTest.test_valid_length_instructions(): OK
bakery_lint.tests.downstream.test_fontforge_validation_state.FontForgeValidateStateTest.test_validation_glyph_intersect(): FAIL
bakery_lint.tests.downstream.test_fontforge_validation_state.FontForgeValidateStateTest.test_validation_open_contours(): OK
bakery_lint.tests.downstream.test_fontforge_validation_state.FontForgeValidateStateTest.test_wrong_direction_in_glyphs(): FAIL
bakery_lint.tests.downstream.test_check_upm_heights_less_120.TestCheckUPMHeightsLess120.test_check_upm_heigths_less_120(): FAIL
bakery_lint.tests.downstream.test_check_names_same_across_platforms.CheckNamesSameAcrossPlatforms.test_check_names_same_across_platforms(): OK
bakery_lint.tests.downstream.test_check_magic_prep_code.CheckMagicPREPByteCode.test_prep_magic_code(): FAIL
bakery_lint.tests.downstream.test_check_unused_glyph_data.CheckUnusedGlyphData.test_check_unused_glyph_data(): ERROR
bakery_lint.tests.downstream.test_check_os2_width_class.CheckOS2WidthClass.test_check_os2_width_class(): OK
bakery_lint.tests.downstream.test_check_license_included.CheckLicenseIncluded.test_license_included_in_font_names(): OK
bakery_lint.tests.downstream.test_check_panose_identification.CheckPanoseIdentification.test_check_panose_identification(): OK
bakery_lint.tests.downstream.test_check_glyph_existence.CheckGlyphExistence.test_euro(): OK
bakery_lint.tests.downstream.test_check_glyph_existence.CheckGlyphExistence.test_nbsp(): OK
bakery_lint.tests.downstream.test_check_glyph_existence.CheckGlyphExistence.test_space(): OK
bakery_lint.tests.downstream.test_gpos_table_has_kerning_info.CheckGposTableHasKerningInfo.test_gpos_table_has_kerning_info(): OK
bakery_lint.tests.downstream.test_check_hmtx_hhea_max_advance_width_agreement.CheckHmtxHheaMaxAdvanceWidthAgreement.test_check_hmtx_hhea_max_advance_width_agreement(): OK
bakery_lint.tests.downstream.test_check_fontname_matches_macstyle.CheckFontNameEqualToMacStyleFlags.test_fontname_is_equal_to_macstyle(): FAIL
bakery_lint.tests.downstream.test_gasp_table_value.CheckGaspTableType.test_check_gasp_table_type(): FAIL
$ fontbakery-fix-gasp.py --set=15 /home/travis/build/fontdirectory/seymourone/builds/build/SeymourOne-Regular.ttf
$ mv /home/travis/build/fontdirectory/seymourone/builds/build/SeymourOne-Regular.ttf.fix /home/travis/build/fontdirectory/seymourone/builds/build/SeymourOne-Regular.ttf
bakery_lint.tests.downstream.test_gasp_table_value.CheckGaspTableType.test_check_gasp_table_type(): OK
$ fontbakery-fix-gasp.py --set=15 /home/travis/build/fontdirectory/seymourone/builds/build/SeymourOne-Regular.ttf
$ mv /home/travis/build/fontdirectory/seymourone/builds/build/SeymourOne-Regular.ttf.fix /home/travis/build/fontdirectory/seymourone/builds/build/SeymourOne-Regular.ttf
### Optimize TTF SeymourOne-Regular.ttf
$ ls -l 'SeymourOne-Regular.ttf'* # look at the size savings of that subset process
SeymourOne-Regular.ttf.opt: 45004 bytes
SeymourOne-Regular.ttf: 50092 bytes
$ mv /home/travis/build/fontdirectory/seymourone/builds/build/SeymourOne-Regular.ttf.opt /home/travis/build/fontdirectory/seymourone/builds/build/SeymourOne-Regular.ttf
### Autohint TTFs (ttfautohint) SeymourOne-Regular.ttf
$ ttfautohint -l 7 -r 28 -G 50 -x 13 -w "G" /home/travis/build/fontdirectory/seymourone/builds/build/SeymourOne-Regular.ttf '/home/travis/build/fontdirectory/seymourone/builds/build/SeymourOne-Regular.autohint.ttf'

$ ls -l /home/travis/build/fontdirectory/seymourone/builds/build/SeymourOne-Regular.*ttf # look at the size savings of that subset process
/home/travis/build/fontdirectory/seymourone/builds/build/SeymourOne-Regular.ttf: 45004 bytes
/home/travis/build/fontdirectory/seymourone/builds/build/SeymourOne-Regular.autohint.ttf: 66344 bytes
$ mv /home/travis/build/fontdirectory/seymourone/builds/build/SeymourOne-Regular.autohint.ttf /home/travis/build/fontdirectory/seymourone/builds/build/SeymourOne-Regular.ttf
### Subset TTFs (pyftsubset) SeymourOne-Regular.ttf
$ pyftsubset SeymourOne-Regular.latin
$ pyftsubset SeymourOne-Regular.menu
strippedname:/home/travis/build/fontdirectory/seymourone/builds/build/SeymourOne-Regular.ttf
### (5 of 6) Generate METADATA.json (fontbakery-build-metadata.py)
$ fontbakery-build-metadata.py /home/travis/build/fontdirectory/seymourone/builds/build
{} exists
Designer's name from font is: vernon adams
Original size: 66344\nGzip size: 41781
Family Name: Seymour One
PS Name: SeymourOne
Full Name: Seymour One
Style: normal
Weight: 400
Filename: SeymourOne-Book.ttf
Copyright: Copyright (c) 2011-12 by vernon adams. All rights reserved.
Family Name: Seymour One
PS Name: SeymourOne
Full Name: Seymour One
Style: normal
Weight: 400
Filename: SeymourOne-Regular-TTF.ttf
Copyright: Copyright (c) 2011-12 by vernon adams. All rights reserved.
Family Name: Seymour One
PS Name: SeymourOne
Full Name: Seymour One
Style: normal
Weight: 400
Filename: SeymourOne-Regular.ttf
Copyright: Copyright (c) 2011-12 by vernon adams. All rights reserved.
### (6 of 6) Run tests for METADATA.json
$ fontbakery-check.py metadata METADATA.json
bakery_lint.tests.metadata_test.MetadataSubsetsListTest.test_charset_cyrillic(): FAIL
bakery_lint.tests.metadata_test.MetadataSubsetsListTest.test_charset_latin(): OK
bakery_lint.tests.metadata_test.MetadataSubsetsListTest.test_charset_latin_ext(): FAIL
bakery_lint.tests.metadata_test.MetadataSubsetsListTest.test_charset_menu(): OK
bakery_lint.tests.metadata_test.MetadataTest.test_description_is_more_than_500b(): OK
bakery_lint.tests.metadata_test.MetadataTest.test_description_is_valid_html(): OK
bakery_lint.tests.metadata_test.MetadataTest.test_does_not_familyName_exist_in_daltonmaag_catalogue(): FAIL
bakery_lint.tests.metadata_test.MetadataTest.test_does_not_familyName_exist_in_fontbureau_catalogue(): OK
bakery_lint.tests.metadata_test.MetadataTest.test_does_not_familyName_exist_in_fontscom_catalogue(): FAIL
bakery_lint.tests.metadata_test.MetadataTest.test_does_not_familyName_exist_in_fontshop_catalogue(): FAIL
bakery_lint.tests.metadata_test.MetadataTest.test_does_not_familyName_exist_in_fontsmith_catalogue(): FAIL
bakery_lint.tests.metadata_test.MetadataTest.test_does_not_familyName_exist_in_houseind_catalogue(): OK
bakery_lint.tests.metadata_test.MetadataTest.test_does_not_familyName_exist_in_myfonts_catalogue(): FAIL
bakery_lint.tests.metadata_test.MetadataTest.test_does_not_familyName_exist_in_veer_catalogue(): OK
bakery_lint.tests.metadata_test.MetadataTest.test_family_is_listed_in_gwf(): FAIL
bakery_lint.tests.metadata_test.MetadataTest.test_metadata_atleast_latin_menu_subsets_exist(): OK
/home/travis/virtualenv/python2.7.8/lib/python2.7/site-packages/bakery_lint/tests/metadata_test.py:141: UnicodeWarning: Unicode equal comparison failed to convert both arguments to Unicode - interpreting them as being unequal
  self.assertTrue(designer in designers,
bakery_lint.tests.metadata_test.MetadataTest.test_metadata_designer_exists_in_profiles_csv(): OK
bakery_lint.tests.metadata_test.MetadataTest.test_metadata_fonts_items_dicts(): OK
bakery_lint.tests.metadata_test.MetadataTest.test_metadata_fonts_key_list(): OK
bakery_lint.tests.metadata_test.MetadataTest.test_metadata_fonts_no_dupes(): OK
bakery_lint.tests.metadata_test.MetadataTest.test_metadata_has_unique_style_weight_pairs(): OK
bakery_lint.tests.metadata_test.MetadataTest.test_metadata_keys(): OK
bakery_lint.tests.metadata_test.MetadataTest.test_metadata_license(): OK
bakery_lint.tests.metadata_test.MetadataTest.test_metadata_no_unknown_top_keys(): OK
bakery_lint.tests.metadata_test.MetadataTest.test_metadata_subsets_key_list(): OK
bakery_lint.tests.metadata_test.MetadataTest.test_metadata_top_keys_types(): OK
bakery_lint.tests.downstream.test_check_subsets_exists.CheckSubsetsExist.test_check_subsets_exists(): FAIL
bakery_lint.tests.downstream.test_metadata_agreements.TestFontOnDiskFamilyEqualToMetadataJSON.test_font_on_disk_family_equal_in_metadata_json(): OK
bakery_lint.tests.downstream.test_metadata_agreements.TestPostScriptNameInMetadataEqualFontOnDisk.test_postscriptname_in_metadata_equal_to_font_on_disk(): OK
bakery_lint.tests.downstream.test_metadata_agreements.CheckMetadataAgreements.test_font_name_matches_family(): OK
bakery_lint.tests.downstream.test_metadata_agreements.CheckMetadataAgreements.test_metadata_family_values_are_all_the_same(): OK
bakery_lint.tests.downstream.test_metadata_agreements.CheckMetadataAgreements.test_metadata_filename_matches_postscriptname(): FAIL
bakery_lint.tests.downstream.test_metadata_agreements.CheckMetadataAgreements.test_metadata_font_have_regular(): OK
bakery_lint.tests.downstream.test_metadata_agreements.CheckMetadataAgreements.test_metadata_fonts_fields_have_fontname(): OK
bakery_lint.tests.downstream.test_metadata_agreements.CheckMetadataAgreements.test_metadata_fullname_is_equal_to_internal_font_fullname(): OK
bakery_lint.tests.downstream.test_metadata_agreements.CheckMetadataAgreements.test_metadata_fullname_matches_postScriptName(): OK
bakery_lint.tests.downstream.test_metadata_agreements.CheckMetadataAgreements.test_metadata_regular_is_400(): OK
bakery_lint.tests.downstream.test_metadata_agreements.CheckMetadataAgreements.test_metadata_regular_is_normal(): FAIL
bakery_lint.tests.downstream.test_check_monospace_agreements.CheckMonospaceAgreement.test_check_monospace_agreement(): OK
bakery_lint.tests.downstream.test_check_canonical_weights.CheckCanonicalWeights.test_check_canonical_weights(): OK
bakery_lint.tests.downstream.test_check_canonical_weights.CheckPostScriptNameMatchesWeight.test_postscriptname_contains_correct_weight(): FAIL
bakery_lint.tests.downstream.test_check_canonical_weights.CheckFontWeightSameAsInMetadata.test_font_weight_same_as_in_metadata(): OK
bakery_lint.tests.downstream.test_check_canonical_weights.CheckFullNameEqualCanonicalName.test_metadata_contains_current_font(): OK
bakery_lint.tests.downstream.test_check_metadata_matches_nametable.CheckMetadataMatchesNameTable.test_check_metadata_matches_nametable(): OK
bakery_lint.tests.downstream.test_check_files_menu_agreements.CheckFontsMenuAgreements.test_menu_file_agreement(): OK
bakery_lint.tests.downstream.test_check_font_name_not_in_camelcase.CheckFontNameNotInCamelCase.test_fontname_not_in_camel_case(): OK
bakery_lint.tests.downstream.test_check_canonical_styles.CheckCanonicalStyles.test_check_canonical_styles(): OK
bakery_lint.tests.downstream.test_check_metadata_fields.CheckMetadataFields.test_check_metadata_fields(): OK
bakery_lint.tests.downstream.test_check_canonical_filenames.CheckCanonicalFilenames.test_check_canonical_filenames(): OK
bakery_lint.tests.downstream.test_check_familyname_matches_fontnames.CheckFamilyNameMatchesFontNames.test_check_familyname_matches_fontnames(): OK
bakery_lint.tests.downstream.test_check_glyph_consistency.CheckGlyphConsistencyInFamily.test_the_same_encodings_of_glyphs_across_family(): OK
bakery_lint.tests.downstream.test_check_glyph_consistency.CheckGlyphConsistencyInFamily.test_the_same_names_of_glyphs_across_family(): OK
bakery_lint.tests.downstream.test_check_glyph_consistency.CheckGlyphConsistencyInFamily.test_the_same_number_of_glyphs_across_family(): OK
bakery_lint.tests.downstream.test_check_metadata_style_matches_names.CheckItalicStyleMatchesMacStyle.test_check_italic_style_matches_names(): OK
bakery_lint.tests.downstream.test_check_metadata_style_matches_names.CheckNormalStyleMatchesMacStyle.test_check_normal_style_matches_names(): OK
bakery_lint.tests.downstream.test_check_menu_contains_proper_glyphs.CheckMenuSubsetContainsProperGlyphs.test_check_menu_contains_proper_glyphs(): OK
bakery_lint.tests.downstream.test_metadata_font_copyright.CheckMetadataContainsReservedFontName.test_copyright_contains_correct_rfn(): OK
bakery_lint.tests.downstream.test_metadata_font_copyright.CheckMetadataContainsReservedFontName.test_copyright_is_consistent_across_family(): OK
bakery_lint.tests.downstream.test_metadata_font_copyright.CheckMetadataContainsReservedFontName.test_copyright_matches_pattern(): OK
bakery_lint.tests.downstream.test_metadata_font_copyright.CheckMetadataContainsReservedFontName.test_metadata_copyright_size(): OK
bakery_lint.tests.downstream.test_check_text_files_exist.CheckTextFilesExist.test_copyrighttxt_exists(): FAIL
bakery_lint.tests.downstream.test_check_text_files_exist.CheckTextFilesExist.test_description_exists(): OK
bakery_lint.tests.downstream.test_check_text_files_exist.CheckTextFilesExist.test_fontlogtxt_exists(): OK
bakery_lint.tests.downstream.test_check_text_files_exist.CheckTextFilesExist.test_licensetxt_exists(): FAIL
{
  "name": "Seymour One", 
  "designer": "Vernon Adams", 
  "license": "OFL", 
  "visibility": "Sandbox", 
  "category": "Sans Serif", 
  "size": 42662, 
  "fonts": [
    {
      "name": "Seymour One", 
      "postScriptName": "SeymourOne", 
      "fullName": "Seymour One", 
      "style": "normal", 
      "weight": 400, 
      "filename": "SeymourOne-Book.ttf", 
      "copyright": "Copyright (c) 2011-12 by vernon adams. All rights reserved."
    }, 
    {
      "name": "Seymour One", 
      "postScriptName": "SeymourOne", 
      "fullName": "Seymour One", 
      "style": "normal", 
      "weight": 400, 
      "filename": "SeymourOne-Regular-TTF.ttf", 
      "copyright": "Copyright (c) 2011-12 by vernon adams. All rights reserved."
    }, 
    {
      "name": "Seymour One", 
      "postScriptName": "SeymourOne", 
      "fullName": "Seymour One", 
      "style": "normal", 
      "weight": 400, 
      "filename": "SeymourOne-Regular.ttf", 
      "copyright": "Copyright (c) 2011-12 by vernon adams. All rights reserved."
    }
  ], 
  "subsets": [
    "latin", 
    "menu"
  ], 
  "dateAdded": "2012-10-10"
}
